
flutter : Support for 
Android x86 targets 
will be removed in 
the next stable 
release after 3.27. 
See https://github.com
/flutter/flutter/issue
s/157543 for details.
En línea: 1 Carácter: 
1
+ flutter build apk 
--debug > 
build_output.txt 2>&1
+ ~~~~~~~~~~~~~~~~~~~~
~~~~~~~~~~~~~~~~~~~~~~
~~~~~~~
    + CategoryInfo    
          : NotSpeci  
  fied: (Support fo   
 r And...43 for de    
tails.:String) []    
, RemoteException
    + FullyQualifiedE 
   rrorId : NativeCo  
  mmandError
 
Running Gradle task 'assembleDebug'...                          
lib/screens/remix/rout
es_screen.dart:238:17:
 Error: Can't find 
')' to match '('.
        Expanded(
                ^
lib/screens/remix/rout
es_screen.dart:373:39:
 Error: Expected '(' 
after this.
              
minimumSize: const 
Size.infinity,
                      
                
^^^^^^^^
lib/screens/remix/rout
es_screen.dart:373:39:
 Error: Couldn't find 
constructor 
'Size.infinity'.
              
minimumSize: const 
Size.infinity,
                      
                
^^^^^^^^
lib/screens/remix/rout
es_screen.dart:238:17:
 Error: Too many 
positional arguments: 
0 allowed, but 1 
found.
Try removing the 
extra positional 
arguments.
        Expanded(
                ^
../../Documents/flutte
r/packages/flutter/lib
/src/widgets/basic.dar
t:5391:9: Context: 
Found this candidate, 
but the arguments 
don't match.
  const 
Expanded({super.key, 
super.flex, required 
super.child}) : 
super(fit: 
FlexFit.tight);
        ^^^^^^^^
lib/screens/remix/regi
ster_package_screen.da
rt:271:18: Error: 
Can't find ')' to 
match '('.
    return Center(
                 ^
lib/screens/remix/driv
ers_screen.dart:134:48
: Error: Member not 
found: 'idCard'.
                      
  const Icon(LucideIco
ns.idCard, size: 14, 
color: Colors.grey),
                      
                      
   ^^^^^^
lib/screens/remix/driv
ers_screen.dart:210:43
: Error: Expected '(' 
after this.
                  
minimumSize: const 
Size.infinity,
                      
                    
^^^^^^^^
lib/screens/remix/driv
ers_screen.dart:210:43
: Error: Couldn't 
find constructor 
'Size.infinity'.
                  
minimumSize: const 
Size.infinity,
                      
                    
^^^^^^^^
lib/screens/remix/cond
uctores_screen.dart:13
4:48: Error: Member 
not found: 'idCard'.
                      
  const Icon(LucideIco
ns.idCard, size: 14, 
color: Colors.grey),
                      
                      
   ^^^^^^
lib/screens/remix/cond
uctores_screen.dart:20
1:84: Error: Member 
not found: 'idCard'.
                  
_buildInput(label: 
'C├ëDULA DE IDENTIDAD 
(CI)', icon: 
LucideIcons.idCard, 
hint: 'Ej. 1234567', 
isNumber: true, 
isRequired: true),
                      
                      
                      
                 
^^^^^^
lib/screens/remix/cond
uctores_screen.dart:21
7:43: Error: Expected 
'(' after this.
                  
minimumSize: const 
Size.infinity,
                      
                    
^^^^^^^^
lib/screens/remix/cond
uctores_screen.dart:21
7:43: Error: Couldn't 
find constructor 
'Size.infinity'.
                  
minimumSize: const 
Size.infinity,
                      
                    
^^^^^^^^
lib/screens/remix/clie
nts_screen.dart:331:43
: Error: Expected '(' 
after this.
                  
minimumSize: const 
Size.infinity,
                      
                    
^^^^^^^^
lib/screens/remix/clie
nts_screen.dart:331:43
: Error: Couldn't 
find constructor 
'Size.infinity'.
                  
minimumSize: const 
Size.infinity,
                      
                    
^^^^^^^^
lib/screens/remix/buse
s_screen.dart:179:16: 
Error: Can't find ')' 
to match '('.
    return Form(
               ^
lib/screens/remix/buse
s_screen.dart:209:49: 
Error: Expected '(' 
after this.
                      
  minimumSize: const 
Size.infinity,
                      
                      
    ^^^^^^^^
lib/screens/remix/buse
s_screen.dart:209:49: 
Error: Couldn't find 
constructor 
'Size.infinity'.
                      
  minimumSize: const 
Size.infinity,
                      
                      
    ^^^^^^^^
lib/screens/remix/sale
s_screen.dart:286:19: 
Error: No named 
parameter with the 
name 'onPadding'.
                  
onPadding: const EdgeI
nsets.symmetric(vertic
al: 16),
                  
^^^^^^^^^
../../Documents/flutte
r/packages/flutter/lib
/src/material/outlined
_button.dart:75:9: 
Context: Found this 
candidate, but the 
arguments don't match.
  const 
OutlinedButton({
        ^^^^^^^^^^^^^^
lib/screens/remix/sale
s_screen.dart:427:55: 
Error: Expected '(' 
after this.
                      
        minimumSize: 
const Size.infinity,
                      
                      
          ^^^^^^^^
lib/screens/remix/sale
s_screen.dart:427:55: 
Error: Couldn't find 
constructor 
'Size.infinity'.
                      
        minimumSize: 
const Size.infinity,
                      
                      
          ^^^^^^^^
lib/screens/remix/sale
s_screen.dart:611:23: 
Error: No named 
parameter with the 
name 'style'.
              
Divider(style: 
BorderStyle.solid), 
// Simulaci├│n
                      
^^^^^
../../Documents/flutte
r/packages/flutter/lib
/src/material/divider.
dart:61:9: Context: 
Found this candidate, 
but the arguments 
don't match.
  const 
Divider({super.key, 
this.height, 
this.thickness, 
this.indent, 
this.endIndent, 
this.color})
        ^^^^^^^
lib/screens/remix/dash
board_screen.dart:24:2
7: Error: Member not 
found: 'busFront'.
      'icon': 
LucideIcons.busFront,
                      
    ^^^^^^^^
lib/screens/remix/dash
board_screen.dart:51:2
7: Error: Member not 
found: 'busFront'.
      'icon': 
LucideIcons.busFront,
                      
    ^^^^^^^^
lib/screens/remix/dash
board_screen.dart:157:
43: Error: Member not 
found: 'busFront'.
                      
        
LucideIcons.busFront,
                      
                    
^^^^^^^^
lib/screens/transporte
/mapa_asientos_screen.
dart:167:58: Error: 
Required named 
parameter 'ruta' must 
be provided.
              
builder: (context) => 
ResumenAsientosScreen(
                      
                      
             ^
lib/screens/transporte
/resumen_asientos_scre
en.dart:9:9: Context: 
Found this candidate, 
but the arguments 
don't match.
  const ResumenAsiento
sScreen({
        
^^^^^^^^^^^^^^^^^^^^^
Target kernel_snapshot
_program failed: 
Exception


FAILURE: Build failed 
with an exception.

* What went wrong:
Execution failed for 
task ':app:compileFlut
terBuildDebug'.
> Process 'command 'C:
\Users\Gabo\Documents\
flutter\bin\flutter.ba
t'' finished with 
non-zero exit value 1

* Try:
> Run with 
--stacktrace option 
to get the stack 
trace.
> Run with --info or 
--debug option to get 
more log output.
> Run with --scan to 
get full insights.
> Get more help at htt
ps://help.gradle.org.

BUILD FAILED in 6s
Running Gradle task 'assembleDebug'...                              6,9s
Gradle task 
assembleDebug failed 
with exit code 1
